 ifconfig
eth0: flags=4099<UP,BROADCAST,MULTICAST>  mtu 1500
        inet 10.227.20.84  netmask 255.255.255.0  broadcast 10.227.20.255
        inet6 fe80::2c0:dfff:fe04:a26d  prefixlen 64  scopeid 0x20<link>
        ether 00:c0:df:04:a2:6d  txqueuelen 1000  (Ethernet)
        RX packets 10  bytes 1325 (1.2 KiB)
        RX errors 0  dropped 5  overruns 0  frame 0
        TX packets 207  bytes 16993 (16.5 KiB)
        TX errors 0  dropped 0 overruns 0  carrier 0  collisions 0

eth1: flags=4163<UP,BROADCAST,RUNNING,MULTICAST>  mtu 1500
        inet 172.16.10.254  netmask 255.255.255.0  broadcast 172.16.10.255
        inet6 fe80::2c0:dfff:fe08:d5b0  prefixlen 64  scopeid 0x20<link>
        ether 00:c0:df:08:d5:b0  txqueuelen 1000  (Ethernet)
        RX packets 203  bytes 26059 (25.4 KiB)
        RX errors 0  dropped 91  overruns 0  frame 0
        TX packets 61  bytes 6364 (6.2 KiB)
        TX errors 0  dropped 0 overruns 0  carrier 0  collisions 0

lo: flags=73<UP,LOOPBACK,RUNNING>  mtu 65536
        inet 127.0.0.1  netmask 255.0.0.0
        inet6 ::1  prefixlen 128  scopeid 0x10<host>
        loop  txqueuelen 1000  (Local Loopback)
        RX packets 2314  bytes 238302 (232.7 KiB)
        RX errors 0  dropped 0  overruns 0  frame 0
        TX packets 2314  bytes 238302 (232.7 KiB)
        TX errors 0  dropped 0 overruns 0  carrier 0  collisions 0

root@gnu14:~# systemctl restart networking
root@gnu14:~# ifconfig
eth0: flags=4099<UP,BROADCAST,MULTICAST>  mtu 1500
        inet 10.227.20.84  netmask 255.255.255.0  broadcast 10.227.20.255
        ether 00:c0:df:04:a2:6d  txqueuelen 1000  (Ethernet)
        RX packets 10  bytes 1325 (1.2 KiB)
        RX errors 0  dropped 5  overruns 0  frame 0
        TX packets 207  bytes 16993 (16.5 KiB)
        TX errors 0  dropped 0 overruns 0  carrier 0  collisions 0

eth1: flags=4163<UP,BROADCAST,RUNNING,MULTICAST>  mtu 1500
        inet 172.16.10.254  netmask 255.255.255.0  broadcast 172.16.10.255
        inet6 fe80::2c0:dfff:fe08:d5b0  prefixlen 64  scopeid 0x20<link>
        ether 00:c0:df:08:d5:b0  txqueuelen 1000  (Ethernet)
        RX packets 205  bytes 26324 (25.7 KiB)
        RX errors 0  dropped 92  overruns 0  frame 0
        TX packets 61  bytes 6364 (6.2 KiB)
        TX errors 0  dropped 0 overruns 0  carrier 0  collisions 0

lo: flags=73<UP,LOOPBACK,RUNNING>  mtu 65536
        inet 127.0.0.1  netmask 255.0.0.0
        inet6 ::1  prefixlen 128  scopeid 0x10<host>
        loop  txqueuelen 1000  (Local Loopback)
        RX packets 2342  bytes 241218 (235.5 KiB)
        RX errors 0  dropped 0  overruns 0  frame 0
        TX packets 2342  bytes 241218 (235.5 KiB)
        TX errors 0  dropped 0 overruns 0  carrier 0  collisions 0

root@gnu14:~# ifconfig eth1 172.16.10.250
root@gnu14:~# ifconfig
eth0: flags=4099<UP,BROADCAST,MULTICAST>  mtu 1500
        inet 10.227.20.84  netmask 255.255.255.0  broadcast 10.227.20.255
        ether 00:c0:df:04:a2:6d  txqueuelen 1000  (Ethernet)
        RX packets 10  bytes 1325 (1.2 KiB)
        RX errors 0  dropped 5  overruns 0  frame 0
        TX packets 207  bytes 16993 (16.5 KiB)
        TX errors 0  dropped 0 overruns 0  carrier 0  collisions 0

eth1: flags=4163<UP,BROADCAST,RUNNING,MULTICAST>  mtu 1500
        inet 172.16.10.250  netmask 255.255.0.0  broadcast 172.16.255.255
        inet6 fe80::2c0:dfff:fe08:d5b0  prefixlen 64  scopeid 0x20<link>
        ether 00:c0:df:08:d5:b0  txqueuelen 1000  (Ethernet)
        RX packets 225  bytes 28974 (28.2 KiB)
        RX errors 0  dropped 102  overruns 0  frame 0
        TX packets 67  bytes 7462 (7.2 KiB)
        TX errors 0  dropped 0 overruns 0  carrier 0  collisions 0

lo: flags=73<UP,LOOPBACK,RUNNING>  mtu 65536
        inet 127.0.0.1  netmask 255.0.0.0
        inet6 ::1  prefixlen 128  scopeid 0x10<host>
        loop  txqueuelen 1000  (Local Loopback)
        RX packets 2582  bytes 265938 (259.7 KiB)
        RX errors 0  dropped 0  overruns 0  frame 0
        TX packets 2582  bytes 265938 (259.7 KiB)
        TX errors 0  dropped 0 overruns 0  carrier 0  collisions 0

root@gnu14:~# ifconfig eth1 172.16.10.254 255.255.255.0
SIOCSIFADDR: Invalid argument
root@gnu14:~# ifconfig eth1 172.16.10.254
root@gnu14:~# ifconfig
eth0: flags=4099<UP,BROADCAST,MULTICAST>  mtu 1500
        inet 10.227.20.84  netmask 255.255.255.0  broadcast 10.227.20.255
        ether 00:c0:df:04:a2:6d  txqueuelen 1000  (Ethernet)
        RX packets 10  bytes 1325 (1.2 KiB)
        RX errors 0  dropped 5  overruns 0  frame 0
        TX packets 207  bytes 16993 (16.5 KiB)
        TX errors 0  dropped 0 overruns 0  carrier 0  collisions 0

eth1: flags=4163<UP,BROADCAST,RUNNING,MULTICAST>  mtu 1500
        inet 172.16.10.254  netmask 255.255.0.0  broadcast 172.16.255.255
        inet6 fe80::2c0:dfff:fe08:d5b0  prefixlen 64  scopeid 0x20<link>
        ether 00:c0:df:08:d5:b0  txqueuelen 1000  (Ethernet)
        RX packets 227  bytes 29239 (28.5 KiB)
        RX errors 0  dropped 103  overruns 0  frame 0
        TX packets 77  bytes 9484 (9.2 KiB)
        TX errors 0  dropped 0 overruns 0  carrier 0  collisions 0

lo: flags=73<UP,LOOPBACK,RUNNING>  mtu 65536
        inet 127.0.0.1  netmask 255.0.0.0
        inet6 ::1  prefixlen 128  scopeid 0x10<host>
        loop  txqueuelen 1000  (Local Loopback)
        RX packets 2594  bytes 267174 (260.9 KiB)
        RX errors 0  dropped 0  overruns 0  frame 0
        TX packets 2594  bytes 267174 (260.9 KiB)
        TX errors 0  dropped 0 overruns 0  carrier 0  collisions 0

root@gnu14:~# ping 172.16.10.1
PING 172.16.10.1 (172.16.10.1) 56(84) bytes of data.
64 bytes from 172.16.10.1: icmp_seq=1 ttl=64 time=0.188 ms
64 bytes from 172.16.10.1: icmp_seq=2 ttl=64 time=0.083 ms
64 bytes from 172.16.10.1: icmp_seq=3 ttl=64 time=0.087 ms
64 bytes from 172.16.10.1: icmp_seq=4 ttl=64 time=0.086 ms
64 bytes from 172.16.10.1: icmp_seq=5 ttl=64 time=0.079 ms
64 bytes from 172.16.10.1: icmp_seq=6 ttl=64 time=0.119 ms
64 bytes from 172.16.10.1: icmp_seq=7 ttl=64 time=0.085 ms
64 bytes from 172.16.10.1: icmp_seq=8 ttl=64 time=0.087 ms
^C
--- 172.16.10.1 ping statistics ---
8 packets transmitted, 8 received, 0% packet loss, time 148ms
rtt min/avg/max/mdev = 0.079/0.101/0.188/0.036 ms
root@gnu14:~# ping 172.16.10.2
PING 172.16.10.2 (172.16.10.2) 56(84) bytes of data.
From 172.16.10.254 icmp_seq=1 Destination Host Unreachable
From 172.16.10.254 icmp_seq=2 Destination Host Unreachable
From 172.16.10.254 icmp_seq=3 Destination Host Unreachable
From 172.16.10.254 icmp_seq=4 Destination Host Unreachable
^C
--- 172.16.10.2 ping statistics ---
5 packets transmitted, 0 received, +4 errors, 100% packet loss, time 35ms
pipe 4
root@gnu14:~# route -n
Kernel IP routing table
Destination     Gateway         Genmask         Flags Metric Ref    Use Iface
0.0.0.0         10.227.20.254   0.0.0.0         UG    0      0        0 eth0
10.227.20.0     0.0.0.0         255.255.255.0   U     0      0        0 eth0
172.16.0.0      0.0.0.0         255.255.0.0     U     0      0        0 eth1
root@gnu14:~# arp -a
? (172.16.10.1) at 00:08:54:71:73:c6 [ether] on eth1
? (172.16.10.2) at <incomplete> on eth1
? (10.227.20.3) at <incomplete> on eth0
root@gnu14:~# ^C
root@gnu14:~# 

